MemTotal:       16185780 kB
MemFree:        13903436 kB
MemAvailable:   15142052 kB
Buffers:          364940 kB
Cached:           992576 kB
SwapCached:            0 kB
Active:           995676 kB
Inactive:         718688 kB
Active(anon):     357924 kB
Inactive(anon):    41820 kB
Active(file):     637752 kB
Inactive(file):   676868 kB
Unevictable:           0 kB
Mlocked:               0 kB
SwapTotal:      15626236 kB
SwapFree:       15626236 kB
Dirty:                68 kB
Writeback:             0 kB
AnonPages:        387416 kB
Mapped:           139884 kB
Shmem:             42808 kB
Slab:             325392 kB
SReclaimable:     262188 kB
SUnreclaim:        63204 kB
KernelStack:        6400 kB
PageTables:        23652 kB
NFS_Unstable:          0 kB
Bounce:                0 kB
WritebackTmp:          0 kB
CommitLimit:    23719124 kB
Committed_AS:    2176612 kB
VmallocTotal:   34359738367 kB
VmallocUsed:      331720 kB
VmallocChunk:   34358947836 kB
HardwareCorrupted:     0 kB
AnonHugePages:    157696 kB
CmaTotal:              0 kB
CmaFree:               0 kB
HugePages_Total:       0
HugePages_Free:        0
HugePages_Rsvd:        0
HugePages_Surp:        0
Hugepagesize:       2048 kB
DirectMap4k:      197616 kB
DirectMap2M:     6012928 kB
DirectMap1G:    10485760 kB
